// Jest Snapshot v1, https://goo.gl/fbAQLP

exports[`Admin Landing component should render correctly in "debug" mode 1`] = `ShallowWrapper {}`;
