// Jest Snapshot v1, https://goo.gl/fbAQLP

exports[`Line Chart component should render correctly in "debug" mode 1`] = `ShallowWrapper {}`;
