// Jest Snapshot v1, https://goo.gl/fbAQLP

exports[`Admin Login component should render correctly in "debug" mode 1`] = `ShallowWrapper {}`;
