// Jest Snapshot v1, https://goo.gl/fbAQLP

exports[`Navbar component should render correctly in "debug" mode 1`] = `ShallowWrapper {}`;
