// Jest Snapshot v1, https://goo.gl/fbAQLP

exports[`All products Dashboard component should render correctly in "debug" mode 1`] = `ShallowWrapper {}`;
