// Jest Snapshot v1, https://goo.gl/fbAQLP

exports[`Seller Card component should render correctly in "debug" mode 1`] = `ShallowWrapper {}`;
