// Jest Snapshot v1, https://goo.gl/fbAQLP

exports[`Seller Registration Dashboard component should render correctly in "debug" mode 1`] = `ShallowWrapper {}`;
