// Jest Snapshot v1, https://goo.gl/fbAQLP

exports[`snapshot testing admin dashboard component line cart component 1`] = `
<p>
  Admin Dashboad
</p>
`;
