// Jest Snapshot v1, https://goo.gl/fbAQLP

exports[`Cart component should render correctly in "debug" mode 1`] = `ShallowWrapper {}`;

exports[`Product catalogue component should render correctly in "debug" mode 1`] = `ShallowWrapper {}`;
