// Jest Snapshot v1, https://goo.gl/fbAQLP

exports[`Image component should render correctly in "debug" mode 1`] = `ShallowWrapper {}`;
