// Jest Snapshot v1, https://goo.gl/fbAQLP

exports[`data not found 1`] = `
<p>
  No Data Found!
</p>
`;
